// Jest Snapshot v1, https://goo.gl/fbAQLP

exports[`Check <Form/> renders correctly 1`] = `
<form class="vf-form">getChildren( [
  {
  "text": "Test children",
  "raw": false,
  "isStatic": false,
  "isRootInsert": true,
  "isComment": false,
  "isCloned": false,
  "isOnce": false,
  "isAsyncPlaceholder": false
  }
  ] )</form>
`;
